97075c50
aae9a075
b1cf19fa
b2b7013f
b577aaa7
c569a4b9
0060a472
3cd343c3
618b6caa
6dbd3f50
