8a726f07
942d99fd
e4687e8e
e4b8ad8d
fbd814b0
fd62bd44
1c815f6b
29397e51
5106a70f
7d731be2
