84870b83
e56472a5
f5acd573
f7678d02
f953634f
116fb731
11b15d47
11eec855
1d10ba48
7a9898ed
