83760ba5
d9ddecb4
de1f5f6c
f534ce98
0355c8df
11c79c66
15a67db9
2cf004ef
626728fb
7db64d7b
